
  .   ____          _            __ _ _
 /\\ / ___'_ __ _ _(_)_ __  __ _ \ \ \ \
( ( )\___ | '_ | '_| | '_ \/ _` | \ \ \ \
 \\/  ___)| |_)| | | | | || (_| |  ) ) ) )
  '  |____| .__|_| |_|_| |_\__, | / / / /
 =========|_|==============|___/=/_/_/_/

 :: Spring Boot ::                (v3.3.3)

2026-09-24T10:55:04.001+05:30  INFO 15732 --- [hospitrack-backend] [           main] com.hospitrack.HospitrackApplication     : Starting HospitrackApplication v1.0.0 using Java 17.0.20 with PID 15732 (S:\hospitrack-project\backend\target\hospitrack-backend-1.0.0.jar started by sande in S:\hospitrack-project\backend)
2026-09-24T10:55:04.002+05:30  INFO 15732 --- [hospitrack-backend] [           main] com.hospitrack.HospitrackApplication     : The following 1 profile is active: "dev"
2026-09-24T10:55:04.764+05:30  INFO 15732 --- [hospitrack-backend] [           main] .s.d.r.c.RepositoryConfigurationDelegate : Bootstrapping Spring Data JPA repositories in DEFAULT mode.
2026-09-24T10:55:04.867+05:30  INFO 15732 --- [hospitrack-backend] [           main] .s.d.r.c.RepositoryConfigurationDelegate : Finished Spring Data repository scanning in 79 ms. Found 14 JPA repository interfaces.
2026-09-24T10:55:05.480+05:30  INFO 15732 --- [hospitrack-backend] [           main] o.s.b.w.embedded.tomcat.TomcatWebServer  : Tomcat initialized with port 8080 (http)
2026-09-24T10:55:05.495+05:30  INFO 15732 --- [hospitrack-backend] [           main] o.apache.catalina.core.StandardService   : Starting service [Tomcat]
2026-09-24T10:55:05.495+05:30  INFO 15732 --- [hospitrack-backend] [           main] o.apache.catalina.core.StandardEngine    : Starting Servlet engine: [Apache Tomcat/10.1.28]
2026-09-24T10:55:05.527+05:30  INFO 15732 --- [hospitrack-backend] [           main] o.a.c.c.C.[Tomcat].[localhost].[/]       : Initializing Spring embedded WebApplicationContext
2026-09-24T10:55:05.527+05:30  INFO 15732 --- [hospitrack-backend] [           main] w.s.c.ServletWebServerApplicationContext : Root WebApplicationContext: initialization completed in 1479 ms
2026-09-24T10:55:05.666+05:30  INFO 15732 --- [hospitrack-backend] [           main] o.hibernate.jpa.internal.util.LogHelper  : HHH000204: Processing PersistenceUnitInfo [name: default]
2026-09-24T10:55:05.731+05:30  INFO 15732 --- [hospitrack-backend] [           main] org.hibernate.Version                    : HHH000412: Hibernate ORM core version 6.5.2.Final
2026-09-24T10:55:05.777+05:30  INFO 15732 --- [hospitrack-backend] [           main] o.h.c.internal.RegionFactoryInitiator    : HHH000026: Second-level cache disabled
2026-09-24T10:55:06.094+05:30  INFO 15732 --- [hospitrack-backend] [           main] o.s.o.j.p.SpringPersistenceUnitInfo      : No LoadTimeWeaver setup: ignoring JPA class transformer
2026-09-24T10:55:06.132+05:30  INFO 15732 --- [hospitrack-backend] [           main] com.zaxxer.hikari.HikariDataSource       : HikariPool-1 - Starting...
2026-09-24T10:55:06.322+05:30  INFO 15732 --- [hospitrack-backend] [           main] com.zaxxer.hikari.pool.HikariPool        : HikariPool-1 - Added connection conn0: url=jdbc:h2:mem:hospitrack user=SA
2026-09-24T10:55:06.322+05:30  INFO 15732 --- [hospitrack-backend] [           main] com.zaxxer.hikari.HikariDataSource       : HikariPool-1 - Start completed.
2026-09-24T10:55:07.592+05:30  INFO 15732 --- [hospitrack-backend] [           main] o.h.e.t.j.p.i.JtaPlatformInitiator       : HHH000489: No JTA platform available (set 'hibernate.transaction.jta.platform' to enable JTA platform integration)
2026-09-24T10:55:07.656+05:30  INFO 15732 --- [hospitrack-backend] [           main] j.LocalContainerEntityManagerFactoryBean : Initialized JPA EntityManagerFactory for persistence unit 'default'
2026-09-24T10:55:08.515+05:30  INFO 15732 --- [hospitrack-backend] [           main] r$InitializeUserDetailsManagerConfigurer : Global AuthenticationManager configured with UserDetailsService bean with name customUserDetailsService
2026-09-24T10:55:09.083+05:30  INFO 15732 --- [hospitrack-backend] [           main] o.s.b.w.embedded.tomcat.TomcatWebServer  : Tomcat started on port 8080 (http) with context path '/'
2026-09-24T10:55:09.092+05:30  INFO 15732 --- [hospitrack-backend] [           main] com.hospitrack.HospitrackApplication     : Started HospitrackApplication in 5.63 seconds (process running for 6.143)
2026-09-24T10:55:09.334+05:30  INFO 15732 --- [hospitrack-backend] [           main] com.hospitrack.service.DatabaseSeeder    : Initialized SUPER_ADMIN account in PostgreSQL
2026-09-24T10:55:09.662+05:30  INFO 15732 --- [hospitrack-backend] [           main] com.hospitrack.service.DatabaseSeeder    : Seeding baseline healthcare entities into PostgreSQL database...
2026-09-24T10:55:10.234+05:30  INFO 15732 --- [hospitrack-backend] [           main] com.hospitrack.service.DatabaseSeeder    : Baseline data seeded successfully.
2026-09-24T10:55:10.274+05:30  INFO 15732 --- [hospitrack-backend] [nio-8080-exec-1] o.a.c.c.C.[Tomcat].[localhost].[/]       : Initializing Spring DispatcherServlet 'dispatcherServlet'
2026-09-24T10:55:10.274+05:30  INFO 15732 --- [hospitrack-backend] [nio-8080-exec-1] o.s.web.servlet.DispatcherServlet        : Initializing Servlet 'dispatcherServlet'
2026-09-24T10:55:10.274+05:30  INFO 15732 --- [hospitrack-backend] [nio-8080-exec-1] o.s.web.servlet.DispatcherServlet        : Completed initialization in 0 ms
